
=== RETRY AFTER DOCUMENTED DTYPE REPAIR ===
{
  "verdict": "GEOMETRY-PARTIAL",
  "baseline": {
    "expected": -0.01683304398148147,
    "reproduced": -0.016833043981481437,
    "absolute_error": 3.469446951953614e-17,
    "run_medians": {
      "2": -0.01833767361111105,
      "3": -0.01721643518518515,
      "5": -0.0089699074074074,
      "6": -0.0215567129629629,
      "8": -0.0180844907407407
    },
    "pass": true
  },
  "models": [
    {
      "model": "M0_damage",
      "estimate": -0.0170011921768519,
      "ci90_low": -0.01932366578468314,
      "ci90_high": -0.014469231763321733,
      "ci95_low": -0.01953786911369103,
      "ci95_high": -0.014193324730896222,
      "pooled_rank": 18,
      "pooled_columns": 18,
      "pooled_condition": 12.705519456137546,
      "pooled_rmse": 0.017017919580018758
    },
    {
      "model": "M1_margin",
      "estimate": -0.01700119217685183,
      "ci90_low": -0.01932366578468295,
      "ci90_high": -0.01446923176332179,
      "ci95_low": -0.019537869113690775,
      "ci95_high": -0.014193324730896236,
      "pooled_rank": 19,
      "pooled_columns": 19,
      "pooled_condition": 12.744681768884504,
      "pooled_rmse": 0.016958135727528887
    },
    {
      "model": "M2_boundary",
      "estimate": -0.017083583729732416,
      "ci90_low": -0.01994437970560754,
      "ci90_high": -0.014374099193533213,
      "ci95_low": -0.0204761177140168,
      "ci95_high": -0.013851834196154631,
      "pooled_rank": 20,
      "pooled_columns": 20,
      "pooled_condition": 13.521409852581382,
      "pooled_rmse": 0.01625641795721502
    },
    {
      "model": "M3_full_geometry",
      "estimate": -0.01343635414322102,
      "ci90_low": -0.017025702203129982,
      "ci90_high": -0.009910985566962537,
      "ci95_low": -0.017641002191289158,
      "ci95_high": -0.009231706095152881,
      "pooled_rank": 22,
      "pooled_columns": 22,
      "pooled_condition": 17.075711950005957,
      "pooled_rmse": 0.015833599501719392
    }
  ],
  "m2_shrinkage": -0.014883805242033032,
  "m3_shrinkage": 0.20178702330946507,
  "equivalence": false,
  "runs_shrinking": 3,
  "identified": true,
  "reversal": {
    "reversals": 24,
    "non_reversals": 79,
    "loo_auc": 0.6640295358649789,
    "loo_balanced_accuracy": 0.649789029535865,
    "informative": false,
    "group_statistics": {
      "0": {
        "intact_margin": {
          "count": 79.0,
          "mean": 1.4126647303376016,
          "median": 1.4135878086090088
        },
        "delta_boundary_difference": {
          "count": 79.0,
          "mean": 0.01302252316484935,
          "median": 0.028597090393304825
        },
        "log_norm_ratio": {
          "count": 79.0,
          "mean": 0.050376323478886494,
          "median": 0.05500681718765061
        },
        "abs_cosine_difference": {
          "count": 79.0,
          "mean": -0.00020060356547230783,
          "median": -0.0001981209497898817
        }
      },
      "1": {
        "intact_margin": {
          "count": 24.0,
          "mean": 1.4214075654745102,
          "median": 1.4170621633529663
        },
        "delta_boundary_difference": {
          "count": 24.0,
          "mean": -0.007872555715342363,
          "median": -0.11206796020269394
        },
        "log_norm_ratio": {
          "count": 24.0,
          "mean": 0.07897717052510518,
          "median": 0.03807007273279064
        },
        "abs_cosine_difference": {
          "count": 24.0,
          "mean": -0.00010213102359557524,
          "median": -8.727051317691803e-05
        }
      }
    }
  },
  "layer_shrinkage": -0.26177380623154267,
  "strongest_counterevidence": {
    "m2_residual": -0.017083583729732416,
    "m2_ci95": [
      -0.0204761177140168,
      -0.013851834196154631
    ],
    "m2_equivalence": false,
    "runs_not_shrinking": [
      5,
      6
    ],
    "largest_adjusted_layer": {
      "layer": 7,
      "cells": 3,
      "runs": 2,
      "m0": -0.04407186866054413,
      "m3": -0.05440568132271971,
      "low_support": true
    },
    "sign_reversal_informative": false,
    "matched_support": 31
  }
}
{
  "verdict": "GEOMETRY-PARTIAL",
  "baseline": {
    "expected": -0.01683304398148147,
    "reproduced": -0.016833043981481437,
    "absolute_error": 3.469446951953614e-17,
    "run_medians": {
      "2": -0.01833767361111105,
      "3": -0.01721643518518515,
      "5": -0.0089699074074074,
      "6": -0.0215567129629629,
      "8": -0.0180844907407407
    },
    "pass": true
  },
  "models": [
    {
      "model": "M0_damage",
      "estimate": -0.0170011921768519,
      "ci90_low": -0.01932366578468314,
      "ci90_high": -0.014469231763321733,
      "ci95_low": -0.01953786911369103,
      "ci95_high": -0.014193324730896222,
      "pooled_rank": 18,
      "pooled_columns": 18,
      "pooled_condition": 12.705519456137546,
      "pooled_rmse": 0.017017919580018758
    },
    {
      "model": "M1_margin",
      "estimate": -0.01700119217685183,
      "ci90_low": -0.01932366578468295,
      "ci90_high": -0.01446923176332179,
      "ci95_low": -0.019537869113690775,
      "ci95_high": -0.014193324730896236,
      "pooled_rank": 19,
      "pooled_columns": 19,
      "pooled_condition": 12.744681768884504,
      "pooled_rmse": 0.016958135727528887
    },
    {
      "model": "M2_boundary",
      "estimate": -0.017083583729732416,
      "ci90_low": -0.01994437970560754,
      "ci90_high": -0.014374099193533213,
      "ci95_low": -0.0204761177140168,
      "ci95_high": -0.013851834196154631,
      "pooled_rank": 20,
      "pooled_columns": 20,
      "pooled_condition": 13.521409852581382,
      "pooled_rmse": 0.01625641795721502
    },
    {
      "model": "M3_full_geometry",
      "estimate": -0.01343635414322102,
      "ci90_low": -0.017025702203129982,
      "ci90_high": -0.009910985566962537,
      "ci95_low": -0.017641002191289158,
      "ci95_high": -0.009231706095152881,
      "pooled_rank": 22,
      "pooled_columns": 22,
      "pooled_condition": 17.075711950005957,
      "pooled_rmse": 0.015833599501719392
    }
  ],
  "m2_shrinkage": -0.014883805242033032,
  "m3_shrinkage": 0.20178702330946507,
  "equivalence": false,
  "runs_shrinking": 3,
  "identified": true,
  "reversal": {
    "reversals": 24,
    "non_reversals": 79,
    "loo_auc": 0.6640295358649789,
    "loo_balanced_accuracy": 0.649789029535865,
    "informative": false,
    "group_statistics": {
      "0": {
        "intact_margin": {
          "count": 79.0,
          "mean": 1.4126647303376016,
          "median": 1.4135878086090088
        },
        "delta_boundary_difference": {
          "count": 79.0,
          "mean": 0.01302252316484935,
          "median": 0.028597090393304825
        },
        "log_norm_ratio": {
          "count": 79.0,
          "mean": 0.050376323478886494,
          "median": 0.05500681718765061
        },
        "abs_cosine_difference": {
          "count": 79.0,
          "mean": -0.00020060356547230783,
          "median": -0.0001981209497898817
        }
      },
      "1": {
        "intact_margin": {
          "count": 24.0,
          "mean": 1.4214075654745102,
          "median": 1.4170621633529663
        },
        "delta_boundary_difference": {
          "count": 24.0,
          "mean": -0.007872555715342363,
          "median": -0.11206796020269394
        },
        "log_norm_ratio": {
          "count": 24.0,
          "mean": 0.07897717052510518,
          "median": 0.03807007273279064
        },
        "abs_cosine_difference": {
          "count": 24.0,
          "mean": -0.00010213102359557524,
          "median": -8.727051317691803e-05
        }
      }
    }
  },
  "layer_shrinkage": -0.26177380623154267,
  "strongest_counterevidence": {
    "m2_residual": -0.017083583729732416,
    "m2_ci95": [
      -0.0204761177140168,
      -0.013851834196154631
    ],
    "m2_equivalence": false,
    "runs_not_shrinking": [
      5,
      6
    ],
    "largest_adjusted_layer": {
      "layer": 7,
      "cells": 3,
      "runs": 2,
      "m0": -0.04407186866054413,
      "m3": -0.05440568132271971,
      "low_support": true
    },
    "sign_reversal_informative": false,
    "matched_support": 31
  }
}
