{
  "arc": "ARC-20260827-5060-007R",
  "outcome_blind": true,
  "family_comparisons": [
    {
      "metric": "delta_boundary_difference",
      "paired_cell_mean": 0.008153766920921185,
      "mean_run_median": 0.011418316513299942,
      "run_medians": {
        "2": 0.01007482036948204,
        "3": 0.027558211237192154,
        "5": 0.021407723426818848,
        "6": -0.016243111342191696,
        "8": 0.014293938875198364
      },
      "bootstrap_95_ci": [
        -0.00344935804605484,
        0.022637820988893508
      ],
      "same_sign_runs": 4,
      "same_sign_layers": 7,
      "layers": 10
    },
    {
      "metric": "logit_norm_difference",
      "paired_cell_mean": 38.112700823441294,
      "mean_run_median": 12.535414123535157,
      "run_medians": {
        "2": 9.151863098144531,
        "3": 21.117935180664062,
        "5": 8.171646118164062,
        "6": 8.206878662109375,
        "8": 16.02874755859375
      },
      "bootstrap_95_ci": [
        8.381782531738281,
        17.517886352539062
      ],
      "same_sign_runs": 5,
      "same_sign_layers": 7,
      "layers": 10
    },
    {
      "metric": "absolute_cosine_difference_signed",
      "paired_cell_mean": -0.00017765850717093326,
      "mean_run_median": -0.00017862286767922342,
      "run_medians": {
        "2": -0.00017864792607724667,
        "3": -0.00017466206918470562,
        "5": -0.00014535128138959408,
        "6": -0.00016236607916653156,
        "8": -0.00023208698257803917
      },
      "bootstrap_95_ci": [
        -0.00020745499059557915,
        -0.0001570755965076387
      ],
      "same_sign_runs": 5,
      "same_sign_layers": 8,
      "layers": 10
    }
  ],
  "systematic_metrics": [
    "logit_norm_difference",
    "absolute_cosine_difference_signed"
  ],
  "matching": {
    "class_a_cells": 103,
    "matched_cells": 31,
    "coverage": 0.30097087378640774,
    "pooled_delta_boundary_sd": 0.13074058505015665,
    "calipers": {
      "delta_boundary_standardized_difference": 0.5,
      "absolute_log_norm_ratio": 0.22314355131420976,
      "absolute_cosine_difference": 0.1
    },
    "coverage_by_run": {
      "2": 9,
      "3": 6,
      "5": 7,
      "6": 4,
      "8": 5
    },
    "coverage_by_step": {
      "14000": 13,
      "72000": 12,
      "143000": 6
    },
    "support_adequate": true,
    "historical_subset_exactly_reproduced": true
  },
  "source_manifest": [
    {
      "path": "research/arc_20260826_5060_007/raw/geometry/pythia-160m-seed2.json",
      "sha256": "59331D5144F39769E35B701E296CBE4CC0B7683C72E746E10BB52F3826E797A7",
      "rows": 60,
      "status": "verified"
    },
    {
      "path": "research/arc_20260826_5060_007/raw/geometry/pythia-160m-seed3.json",
      "sha256": "89401CA857762298CDF4A9CE9FAA1FA57387D40326E0134D06DFAB1A37C0F419",
      "rows": 60,
      "status": "verified"
    },
    {
      "path": "research/arc_20260826_5060_007/raw/geometry/pythia-160m-seed5.json",
      "sha256": "62EFF32E85379AF44998ECDBFBFA7823E002529E6506074487C7342AB4A97B22",
      "rows": 60,
      "status": "verified"
    },
    {
      "path": "research/arc_20260826_5060_007/raw/geometry/pythia-160m-seed6.json",
      "sha256": "2BF37C607C34CFDCE1D0C153ED89811142ADD9D5131813FF6A683FB3F8414D5B",
      "rows": 60,
      "status": "verified"
    },
    {
      "path": "research/arc_20260826_5060_007/raw/geometry/pythia-160m-seed8.json",
      "sha256": "09982A4D964CF0C5E11EEC193B771E921449CA37D1396799AA66F81FD9C67472",
      "rows": 60,
      "status": "verified"
    }
  ]
}
